// Jest Snapshot v1, https://goo.gl/fbAQLP

exports[`NewsItem component should render correctly 1`] = `
<View
  accessibilityComponentType={undefined}
  accessibilityLabel={undefined}
  accessibilityTraits={undefined}
  accessible={true}
  collapsable={undefined}
  hasTVPreferredFocus={undefined}
  hitSlop={undefined}
  isTVSelectable={true}
  nativeID={undefined}
  onLayout={undefined}
  onResponderGrant={[Function]}
  onResponderMove={[Function]}
  onResponderRelease={[Function]}
  onResponderTerminate={[Function]}
  onResponderTerminationRequest={[Function]}
  onStartShouldSetResponder={[Function]}
  style={
    Object {
      "opacity": 1,
    }
  }
  testID={undefined}
  tvParallaxProperties={undefined}
>
  <View>
    <View
      style={
        Array [
          Object {
            "borderBottomWidth": 3,
            "borderStyle": "solid",
          },
          Object {
            "marginBottom": 5,
          },
          Object {
            "borderColor": "#d31d65",
          },
        ]
      }
    >
      <View
        style={
          Array [
            Object {
              "height": 100,
              "justifyContent": "flex-end",
            },
          ]
        }
      >
        <Image
          source={
            Object {
              "uri": "https://example.com/image.jpg",
            }
          }
          style={
            Array [
              Object {
                "bottom": 0,
                "left": 0,
                "position": "absolute",
                "right": 0,
                "top": 0,
              },
              Object {
                "height": undefined,
                "width": undefined,
              },
              undefined,
            ]
          }
        />
        <Text
          accessible={true}
          allowFontScaling={true}
          ellipsizeMode="tail"
          style={
            Array [
              Object {
                "backgroundColor": "#34333699",
                "color": "#fff",
                "fontFamily": "HelveticaNeue-CondensedBold",
                "fontSize": 18,
              },
              Object {
                "padding": 5,
              },
            ]
          }
        >
          React Native Expands to New Platforms
        </Text>
      </View>
    </View>
    <View
      style={
        Object {
          "paddingHorizontal": 5,
        }
      }
    >
      <View>
        <View
          style={
            Object {
              "flexDirection": "row",
              "justifyContent": "space-between",
              "marginBottom": 5,
            }
          }
        >
          <Text
            accessible={true}
            allowFontScaling={true}
            ellipsizeMode="tail"
            style={
              Array [
                Object {
                  "fontSize": 11,
                },
                undefined,
              ]
            }
          >
            Sep 10th 2016
          </Text>
          <Text
            accessible={true}
            allowFontScaling={true}
            ellipsizeMode="tail"
            style={
              Array [
                Object {
                  "fontSize": 11,
                },
                undefined,
              ]
            }
          >
            JACOB FRIEDMANN
          </Text>
        </View>
      </View>
      <Text
        accessible={true}
        allowFontScaling={true}
        ellipsizeMode="tail"
        style={
          Array [
            Object {
              "color": "#e5dbda",
              "fontFamily": "Helvetica Neue",
            },
            undefined,
          ]
        }
      >
        React Native, the framework for building mobile applications with web technologies, is expanding to new platforms.
      </Text>
    </View>
  </View>
</View>
`;
